%!Adobe-FontList 1.25
%Locale:0x419

%BeginFont
Handler:DirectoryHandler
FontType:Invalid
OutlineFileName:C:\3dGameSample\resource\texture\Font\HP.png
FileModTime:1763531409
%EndFont

%BeginFont
Handler:DirectoryHandler
FontType:Invalid
OutlineFileName:C:\3dGameSample\resource\texture\Font\MP.png
FileModTime:1763531409
%EndFont

%BeginFont
Handler:DirectoryHandler
FontType:Invalid
OutlineFileName:C:\3dGameSample\resource\texture\Font\RELEASE.png
FileModTime:1763531409
%EndFont

%BeginFont
Handler:DirectoryHandler
FontType:Invalid
OutlineFileName:C:\3dGameSample\resource\texture\Font\Volume.png
FileModTime:1763531409
%EndFont

%BeginFont
Handler:DirectoryHandler
FontType:Invalid
OutlineFileName:C:\3dGameSample\resource\texture\Font\backtogame.png
FileModTime:1763531409
%EndFont

%BeginFont
Handler:DirectoryHandler
FontType:Invalid
OutlineFileName:C:\3dGameSample\resource\texture\Font\boss_name.png
FileModTime:1763531409
%EndFont

%BeginFont
Handler:DirectoryHandler
FontType:Invalid
OutlineFileName:C:\3dGameSample\resource\texture\Font\continue.png
FileModTime:1763531409
%EndFont

%BeginFont
Handler:DirectoryHandler
FontType:Invalid
OutlineFileName:C:\3dGameSample\resource\texture\Font\exit.png
FileModTime:1763531409
%EndFont

%BeginFont
Handler:DirectoryHandler
FontType:Invalid
OutlineFileName:C:\3dGameSample\resource\texture\Font\expl\A.png
FileModTime:1763531409
%EndFont

%BeginFont
Handler:DirectoryHandler
FontType:Invalid
OutlineFileName:C:\3dGameSample\resource\texture\Font\expl\D.png
FileModTime:1763531409
%EndFont

%BeginFont
Handler:DirectoryHandler
FontType:Invalid
OutlineFileName:C:\3dGameSample\resource\texture\Font\expl\J.png
FileModTime:1763531409
%EndFont

%BeginFont
Handler:DirectoryHandler
FontType:Invalid
OutlineFileName:C:\3dGameSample\resource\texture\Font\expl\S.png
FileModTime:1763531409
%EndFont

%BeginFont
Handler:DirectoryHandler
FontType:Invalid
OutlineFileName:C:\3dGameSample\resource\texture\Font\expl\S_Space.png
FileModTime:1763531409
%EndFont

%BeginFont
Handler:DirectoryHandler
FontType:Invalid
OutlineFileName:C:\3dGameSample\resource\texture\Font\expl\escape.png
FileModTime:1763531409
%EndFont

%BeginFont
Handler:DirectoryHandler
FontType:Invalid
OutlineFileName:C:\3dGameSample\resource\texture\Font\expl\shift.png
FileModTime:1763531409
%EndFont

%BeginFont
Handler:DirectoryHandler
FontType:Invalid
OutlineFileName:C:\3dGameSample\resource\texture\Font\expl\space.png
FileModTime:1763531409
%EndFont

%BeginFont
Handler:DirectoryHandler
FontType:Invalid
OutlineFileName:C:\3dGameSample\resource\texture\Font\expl\title.png
FileModTime:1763531409
%EndFont

%BeginFont
Handler:DirectoryHandler
FontType:Invalid
OutlineFileName:C:\3dGameSample\resource\texture\Font\explanation_attack.png
FileModTime:1763531409
%EndFont

%BeginFont
Handler:DirectoryHandler
FontType:Invalid
OutlineFileName:C:\3dGameSample\resource\texture\Font\explanation_bullet.png
FileModTime:1763531409
%EndFont

%BeginFont
Handler:DirectoryHandler
FontType:Invalid
OutlineFileName:C:\3dGameSample\resource\texture\Font\explanation_dash.png
FileModTime:1763531409
%EndFont

%BeginFont
Handler:DirectoryHandler
FontType:Invalid
OutlineFileName:C:\3dGameSample\resource\texture\Font\explanation_escape_enter.png
FileModTime:1763531409
%EndFont

%BeginFont
Handler:DirectoryHandler
FontType:Invalid
OutlineFileName:C:\3dGameSample\resource\texture\Font\explanation_getoff.png
FileModTime:1763531409
%EndFont

%BeginFont
Handler:DirectoryHandler
FontType:Invalid
OutlineFileName:C:\3dGameSample\resource\texture\Font\explanation_jump.png
FileModTime:1763531409
%EndFont

%BeginFont
Handler:DirectoryHandler
FontType:Invalid
OutlineFileName:C:\3dGameSample\resource\texture\Font\explanation_move.png
FileModTime:1763531409
%EndFont

%BeginFont
Handler:DirectoryHandler
FontType:Invalid
OutlineFileName:C:\3dGameSample\resource\texture\Font\explanation_pause.png
FileModTime:1763531409
%EndFont

%BeginFont
Handler:DirectoryHandler
FontType:Invalid
OutlineFileName:C:\3dGameSample\resource\texture\Font\explanation_strongattack.png
FileModTime:1763531409
%EndFont

%BeginFont
Handler:DirectoryHandler
FontType:Invalid
OutlineFileName:C:\3dGameSample\resource\texture\Font\explanation_swicth.png
FileModTime:1763531409
%EndFont

%BeginFont
Handler:DirectoryHandler
FontType:Invalid
OutlineFileName:C:\3dGameSample\resource\texture\Font\gameclear.png
FileModTime:1763531409
%EndFont

%BeginFont
Handler:DirectoryHandler
FontType:Invalid
OutlineFileName:C:\3dGameSample\resource\texture\Font\gameover.png
FileModTime:1763531409
%EndFont

%BeginFont
Handler:DirectoryHandler
FontType:Invalid
OutlineFileName:C:\3dGameSample\resource\texture\Font\gamestart.png
FileModTime:1763531409
%EndFont

%BeginFont
Handler:DirectoryHandler
FontType:Invalid
OutlineFileName:C:\3dGameSample\resource\texture\Font\gototitle.png
FileModTime:1763531409
%EndFont

%BeginFont
Handler:DirectoryHandler
FontType:Invalid
OutlineFileName:C:\3dGameSample\resource\texture\Font\hold.png
FileModTime:1763531409
%EndFont

%BeginFont
Handler:DirectoryHandler
FontType:Invalid
OutlineFileName:C:\3dGameSample\resource\texture\Font\pause.png
FileModTime:1763531409
%EndFont

